Archive member included to satisfy reference by file (symbol)

C:/ST/STM32CubeIDE_1.18.1/STM32CubeIDE/plugins/com.st.stm32cube.ide.mcu.externaltools.gnu-tools-for-stm32.13.3.rel1.win32_1.0.0.202411081344/tools/bin/../lib/gcc/arm-none-eabi/13.3.1/../../../../arm-none-eabi/lib/thumb/v7e-m+fp/hard\libc_nano.a(libc_a-exit.o)
                              C:/ST/STM32CubeIDE_1.18.1/STM32CubeIDE/plugins/com.st.stm32cube.ide.mcu.externaltools.gnu-tools-for-stm32.13.3.rel1.win32_1.0.0.202411081344/tools/bin/../lib/gcc/arm-none-eabi/13.3.1/../../../../arm-none-eabi/lib/thumb/v7e-m+fp/hard/crt0.o (exit)
C:/ST/STM32CubeIDE_1.18.1/STM32CubeIDE/plugins/com.st.stm32cube.ide.mcu.externaltools.gnu-tools-for-stm32.13.3.rel1.win32_1.0.0.202411081344/tools/bin/../lib/gcc/arm-none-eabi/13.3.1/../../../../arm-none-eabi/lib/thumb/v7e-m+fp/hard\libc_nano.a(libc_a-findfp.o)
                              C:/ST/STM32CubeIDE_1.18.1/STM32CubeIDE/plugins/com.st.stm32cube.ide.mcu.externaltools.gnu-tools-for-stm32.13.3.rel1.win32_1.0.0.202411081344/tools/bin/../lib/gcc/arm-none-eabi/13.3.1/../../../../arm-none-eabi/lib/thumb/v7e-m+fp/hard\libc_nano.a(libc_a-exit.o) (__stdio_exit_handler)
C:/ST/STM32CubeIDE_1.18.1/STM32CubeIDE/plugins/com.st.stm32cube.ide.mcu.externaltools.gnu-tools-for-stm32.13.3.rel1.win32_1.0.0.202411081344/tools/bin/../lib/gcc/arm-none-eabi/13.3.1/../../../../arm-none-eabi/lib/thumb/v7e-m+fp/hard\libc_nano.a(libc_a-fwalk.o)
                              C:/ST/STM32CubeIDE_1.18.1/STM32CubeIDE/plugins/com.st.stm32cube.ide.mcu.externaltools.gnu-tools-for-stm32.13.3.rel1.win32_1.0.0.202411081344/tools/bin/../lib/gcc/arm-none-eabi/13.3.1/../../../../arm-none-eabi/lib/thumb/v7e-m+fp/hard\libc_nano.a(libc_a-findfp.o) (_fwalk_sglue)
C:/ST/STM32CubeIDE_1.18.1/STM32CubeIDE/plugins/com.st.stm32cube.ide.mcu.externaltools.gnu-tools-for-stm32.13.3.rel1.win32_1.0.0.202411081344/tools/bin/../lib/gcc/arm-none-eabi/13.3.1/../../../../arm-none-eabi/lib/thumb/v7e-m+fp/hard\libc_nano.a(libc_a-stdio.o)
                              C:/ST/STM32CubeIDE_1.18.1/STM32CubeIDE/plugins/com.st.stm32cube.ide.mcu.externaltools.gnu-tools-for-stm32.13.3.rel1.win32_1.0.0.202411081344/tools/bin/../lib/gcc/arm-none-eabi/13.3.1/../../../../arm-none-eabi/lib/thumb/v7e-m+fp/hard\libc_nano.a(libc_a-findfp.o) (__sread)
C:/ST/STM32CubeIDE_1.18.1/STM32CubeIDE/plugins/com.st.stm32cube.ide.mcu.externaltools.gnu-tools-for-stm32.13.3.rel1.win32_1.0.0.202411081344/tools/bin/../lib/gcc/arm-none-eabi/13.3.1/../../../../arm-none-eabi/lib/thumb/v7e-m+fp/hard\libc_nano.a(libc_a-memset.o)
                              C:/ST/STM32CubeIDE_1.18.1/STM32CubeIDE/plugins/com.st.stm32cube.ide.mcu.externaltools.gnu-tools-for-stm32.13.3.rel1.win32_1.0.0.202411081344/tools/bin/../lib/gcc/arm-none-eabi/13.3.1/../../../../arm-none-eabi/lib/thumb/v7e-m+fp/hard/crt0.o (memset)
C:/ST/STM32CubeIDE_1.18.1/STM32CubeIDE/plugins/com.st.stm32cube.ide.mcu.externaltools.gnu-tools-for-stm32.13.3.rel1.win32_1.0.0.202411081344/tools/bin/../lib/gcc/arm-none-eabi/13.3.1/../../../../arm-none-eabi/lib/thumb/v7e-m+fp/hard\libc_nano.a(libc_a-closer.o)
                              C:/ST/STM32CubeIDE_1.18.1/STM32CubeIDE/plugins/com.st.stm32cube.ide.mcu.externaltools.gnu-tools-for-stm32.13.3.rel1.win32_1.0.0.202411081344/tools/bin/../lib/gcc/arm-none-eabi/13.3.1/../../../../arm-none-eabi/lib/thumb/v7e-m+fp/hard\libc_nano.a(libc_a-stdio.o) (_close_r)
C:/ST/STM32CubeIDE_1.18.1/STM32CubeIDE/plugins/com.st.stm32cube.ide.mcu.externaltools.gnu-tools-for-stm32.13.3.rel1.win32_1.0.0.202411081344/tools/bin/../lib/gcc/arm-none-eabi/13.3.1/../../../../arm-none-eabi/lib/thumb/v7e-m+fp/hard\libc_nano.a(libc_a-reent.o)
                              C:/ST/STM32CubeIDE_1.18.1/STM32CubeIDE/plugins/com.st.stm32cube.ide.mcu.externaltools.gnu-tools-for-stm32.13.3.rel1.win32_1.0.0.202411081344/tools/bin/../lib/gcc/arm-none-eabi/13.3.1/../../../../arm-none-eabi/lib/thumb/v7e-m+fp/hard\libc_nano.a(libc_a-closer.o) (errno)
C:/ST/STM32CubeIDE_1.18.1/STM32CubeIDE/plugins/com.st.stm32cube.ide.mcu.externaltools.gnu-tools-for-stm32.13.3.rel1.win32_1.0.0.202411081344/tools/bin/../lib/gcc/arm-none-eabi/13.3.1/../../../../arm-none-eabi/lib/thumb/v7e-m+fp/hard\libc_nano.a(libc_a-impure.o)
                              C:/ST/STM32CubeIDE_1.18.1/STM32CubeIDE/plugins/com.st.stm32cube.ide.mcu.externaltools.gnu-tools-for-stm32.13.3.rel1.win32_1.0.0.202411081344/tools/bin/../lib/gcc/arm-none-eabi/13.3.1/../../../../arm-none-eabi/lib/thumb/v7e-m+fp/hard\libc_nano.a(libc_a-reent.o) (_impure_ptr)
C:/ST/STM32CubeIDE_1.18.1/STM32CubeIDE/plugins/com.st.stm32cube.ide.mcu.externaltools.gnu-tools-for-stm32.13.3.rel1.win32_1.0.0.202411081344/tools/bin/../lib/gcc/arm-none-eabi/13.3.1/../../../../arm-none-eabi/lib/thumb/v7e-m+fp/hard\libc_nano.a(libc_a-lseekr.o)
[...]
Memory Configuration

Name             Origin             Length             Attributes
RAM              0x20000000         0x00018000         xrw
RAM2             0x10000000         0x00008000         xrw
FLASH            0x08000000         0x00100000         xr
*default*        0x00000000         0xffffffff

Linker script and memory map

LOAD C:/ST/STM32CubeIDE_1.18.1/STM32CubeIDE/plugins/com.st.stm32cube.ide.mcu.externaltools.gnu-tools-for-stm32.13.3.rel1.win32_1.0.0.202411081344/tools/bin/../lib/gcc/arm-none-eabi/13.3.1/thumb/v7e-m+fp/hard/crti.o
LOAD C:/ST/STM32CubeIDE_1.18.1/STM32CubeIDE/plugins/com.st.stm32cube.ide.mcu.externaltools.gnu-tools-for-stm32.13.3.rel1.win32_1.0.0.202411081344/tools/bin/../lib/gcc/arm-none-eabi/13.3.1/thumb/v7e-m+fp/hard/crtbegin.o
LOAD C:/ST/STM32CubeIDE_1.18.1/STM32CubeIDE/plugins/com.st.stm32cube.ide.mcu.externaltools.gnu-tools-for-stm32.13.3.rel1.win32_1.0.0.202411081344/tools/bin/../lib/gcc/arm-none-eabi/13.3.1/../../../../arm-none-eabi/lib/thumb/v7e-m+fp/hard/crt0.o
LOAD ./Core/Src/czujnik.o
LOAD ./Core/Src/dma.o
LOAD ./Core/Src/gpio.o
LOAD ./Core/Src/i2c.o
LOAD ./Core/Src/lcd.o
LOAD ./Core/Src/main.o
LOAD ./Core/Src/sai.o
LOAD ./Core/Src/stm32l4xx_hal_msp.o
LOAD ./Core/Src/stm32l4xx_it.o
LOAD ./Core/Src/syscalls.o
LOAD ./Core/Src/sysmem.o
LOAD ./Core/Src/system_stm32l4xx.o
LOAD ./Core/Src/tim.o
LOAD ./Core/Startup/startup_stm32l476vgtx.o
LOAD ./Drivers/BSP/stm32l476g_discovery.o
LOAD ./Drivers/BSP/stm32l476g_discovery_glass_lcd.o
LOAD ./Drivers/STM32L4xx_HAL_Driver/Src/stm32l4xx_hal.o
LOAD ./Drivers/STM32L4xx_HAL_Driver/Src/stm32l4xx_hal_cortex.o
LOAD ./Drivers/STM32L4xx_HAL_Driver/Src/stm32l4xx_hal_dma.o
LOAD ./Drivers/STM32L4xx_HAL_Driver/Src/stm32l4xx_hal_dma_ex.o
LOAD ./Drivers/STM32L4xx_HAL_Driver/Src/stm32l4xx_hal_exti.o
LOAD ./Drivers/STM32L4xx_HAL_Driver/Src/stm32l4xx_hal_flash.o
LOAD ./Drivers/STM32L4xx_HAL_Driver/Src/stm32l4xx_hal_flash_ex.o
LOAD ./Drivers/STM32L4xx_HAL_Driver/Src/stm32l4xx_hal_flash_ramfunc.o
LOAD ./Drivers/STM32L4xx_HAL_Driver/Src/stm32l4xx_hal_gpio.o
LOAD ./Drivers/STM32L4xx_HAL_Driver/Src/stm32l4xx_hal_i2c.o
LOAD ./Drivers/STM32L4xx_HAL_Driver/Src/stm32l4xx_hal_i2c_ex.o
LOAD ./Drivers/STM32L4xx_HAL_Driver/Src/stm32l4xx_hal_lcd.o
LOAD ./Drivers/STM32L4xx_HAL_Driver/Src/stm32l4xx_hal_pwr.o
LOAD ./Drivers/STM32L4xx_HAL_Driver/Src/stm32l4xx_hal_pwr_ex.o
LOAD ./Drivers/STM32L4xx_HAL_Driver/Src/stm32l4xx_hal_rcc.o
LOAD ./Drivers/STM32L4xx_HAL_Driver/Src/stm32l4xx_hal_rcc_ex.o
LOAD ./Drivers/STM32L4xx_HAL_Driver/Src/stm32l4xx_hal_sai.o
LOAD ./Drivers/STM32L4xx_HAL_Driver/Src/stm32l4xx_hal_sai_ex.o
LOAD ./Drivers/STM32L4xx_HAL_Driver/Src/stm32l4xx_hal_tim.o
LOAD ./Drivers/STM32L4xx_HAL_Driver/Src/stm32l4xx_hal_tim_ex.o
START GROUP
LOAD C:/ST/STM32CubeIDE_1.18.1/STM32CubeIDE/plugins/com.st.stm32cube.ide.mcu.externaltools.gnu-tools-for-stm32.13.3.rel1.win32_1.0.0.202411081344/tools/bin/../lib/gcc/arm-none-eabi/13.3.1/../../../../arm-none-eabi/lib/thumb/v7e-m+fp/hard\libc_nano.a
LOAD C:/ST/STM32CubeIDE_1.18.1/STM32CubeIDE/plugins/com.st.stm32cube.ide.mcu.externaltools.gnu-tools-for-stm32.13.3.rel1.win32_1.0.0.202411081344/tools/bin/../lib/gcc/arm-none-eabi/13.3.1/../../../../arm-none-eabi/lib/thumb/v7e-m+fp/hard\libm.a
END GROUP
START GROUP
LOAD C:/ST/STM32CubeIDE_1.18.1/STM32CubeIDE/plugins/com.st.stm32cube.ide.mcu.externaltools.gnu-tools-for-stm32.13.3.rel1.win32_1.0.0.202411081344/tools/bin/../lib/gcc/arm-none-eabi/13.3.1/thumb/v7e-m+fp/hard\libgcc.a
LOAD C:/ST/STM32CubeIDE_1.18.1/STM32CubeIDE/plugins/com.st.stm32cube.ide.mcu.externaltools.gnu-tools-for-stm32.13.3.rel1.win32_1.0.0.202411081344/tools/bin/../lib/gcc/arm-none-eabi/13.3.1/../../../../arm-none-eabi/lib/thumb/v7e-m+fp/hard\libc_nano.a
END GROUP
START GROUP
LOAD C:/ST/STM32CubeIDE_1.18.1/STM32CubeIDE/plugins/com.st.stm32cube.ide.mcu.externaltools.gnu-tools-for-stm32.13.3.rel1.win32_1.0.0.202411081344/tools/bin/../lib/gcc/arm-none-eabi/13.3.1/thumb/v7e-m+fp/hard\libgcc.a
LOAD C:/ST/STM32CubeIDE_1.18.1/STM32CubeIDE/plugins/com.st.stm32cube.ide.mcu.externaltools.gnu-tools-for-stm32.13.3.rel1.win32_1.0.0.202411081344/tools/bin/../lib/gcc/arm-none-eabi/13.3.1/../../../../arm-none-eabi/lib/thumb/v7e-m+fp/hard\libc_nano.a
LOAD C:/ST/STM32CubeIDE_1.18.1/STM32CubeIDE/plugins/com.st.stm32cube.ide.mcu.externaltools.gnu-tools-for-stm32.13.3.rel1.win32_1.0.0.202411081344/tools/bin/../lib/gcc/arm-none-eabi/13.3.1/../../../../arm-none-eabi/lib/thumb/v7e-m+fp/hard\libnosys.a
END GROUP
START GROUP
LOAD C:/ST/STM32CubeIDE_1.18.1/STM32CubeIDE/plugins/com.st.stm32cube.ide.mcu.externaltools.gnu-tools-for-stm32.13.3.rel1.win32_1.0.0.202411081344/tools/bin/../lib/gcc/arm-none-eabi/13.3.1/thumb/v7e-m+fp/hard\libgcc.a
LOAD C:/ST/STM32CubeIDE_1.18.1/STM32CubeIDE/plugins/com.st.stm32cube.ide.mcu.externaltools.gnu-tools-for-stm32.13.3.rel1.win32_1.0.0.202411081344/tools/bin/../lib/gcc/arm-none-eabi/13.3.1/../../../../arm-none-eabi/lib/thumb/v7e-m+fp/hard\libc_nano.a
LOAD C:/ST/STM32CubeIDE_1.18.1/STM32CubeIDE/plugins/com.st.stm32cube.ide.mcu.externaltools.gnu-tools-for-stm32.13.3.rel1.win32_1.0.0.202411081344/tools/bin/../lib/gcc/arm-none-eabi/13.3.1/../../../../arm-none-eabi/lib/thumb/v7e-m+fp/hard\libnosys.a
END GROUP
LOAD C:/ST/STM32CubeIDE_1.18.1/STM32CubeIDE/plugins/com.st.stm32cube.ide.mcu.externaltools.gnu-tools-for-stm32.13.3.rel1.win32_1.0.0.202411081344/tools/bin/../lib/gcc/arm-none-eabi/13.3.1/thumb/v7e-m+fp/hard/crtend.o
LOAD C:/ST/STM32CubeIDE_1.18.1/STM32CubeIDE/plugins/com.st.stm32cube.ide.mcu.externaltools.gnu-tools-for-stm32.13.3.rel1.win32_1.0.0.202411081344/tools/bin/../lib/gcc/arm-none-eabi/13.3.1/thumb/v7e-m+fp/hard/crtn.o
                0x20018000                        _estack = (ORIGIN (RAM) + LENGTH (RAM))
                0x00000200                        _Min_Heap_Size = 0x200
                0x00000400                        _Min_Stack_Size = 0x400

.isr_vector     0x08000000      0x188
                0x08000000                        . = ALIGN (0x4)
 *(.isr_vector)
 .isr_vector    0x08000000      0x188 ./Core/Startup/startup_stm32l476vgtx.o
                0x08000000                g_pfnVectors
                0x08000188                        . = ALIGN (0x4)

.text           0x08000188     0x5470
                0x08000188                        . = ALIGN (0x4)
 *(.text)
 .text          0x08000188       0x40 C:/ST/STM32CubeIDE_1.18.1/STM32CubeIDE/plugins/com.st.stm32cube.ide.mcu.externaltools.gnu-tools-for-stm32.13.3.rel1.win32_1.0.0.202411081344/tools/bin/../lib/gcc/arm-none-eabi/13.3.1/thumb/v7e-m+fp/hard/crtbegin.o
 .text          0x080001c8      0x378 C:/ST/STM32CubeIDE_1.18.1/STM32CubeIDE/plugins/com.st.stm32cube.ide.mcu.externaltools.gnu-tools-for-stm32.13.3.rel1.win32_1.0.0.202411081344/tools/bin/../lib/gcc/arm-none-eabi/13.3.1/thumb/v7e-m+fp/hard\libgcc.a(_arm_addsubdf3.o)
                0x080001c8                __aeabi_drsub
                0x080001d0                __aeabi_dsub
                0x080001d0                __subdf3
                0x080001d4                __aeabi_dadd
                0x080001d4                __adddf3
                0x0800044c                __floatunsidf
                0x0800044c                __aeabi_ui2d
                0x0800046c                __floatsidf
                0x0800046c                __aeabi_i2d
                0x08000490                __aeabi_f2d
                0x08000490                __extendsfdf2
                0x080004d4                __floatundidf
                0x080004d4                __aeabi_ul2d
                0x080004e4                __floatdidf
                0x080004e4                __aeabi_l2d
 .text          0x08000540      0x424 C:/ST/STM32CubeIDE_1.18.1/STM32CubeIDE/plugins/com.st.stm32cube.ide.mcu.externaltools.gnu-tools-for-stm32.13.3.rel1.win32_1.0.0.202411081344/tools/bin/../lib/gcc/arm-none-eabi/13.3.1/thumb/v7e-m+fp/hard\libgcc.a(_arm_muldivdf3.o)
                0x08000540                __aeabi_dmul
                0x08000540                __muldf3
                0x08000794                __divdf3
                0x08000794                __aeabi_ddiv
 .text          0x08000964       0x40 C:/ST/STM32CubeIDE_1.18.1/STM32CubeIDE/plugins/com.st.stm32cube.ide.mcu.externaltools.gnu-tools-for-stm32.13.3.rel1.win32_1.0.0.202411081344/tools/bin/../lib/gcc/arm-none-eabi/13.3.1/thumb/v7e-m+fp/hard\libgcc.a(_arm_fixunsdfsi.o)
                0x08000964                __aeabi_d2uiz
                0x08000964                __fixunsdfsi
 *(.text*)
 *fill*         0x080009a4        0x4 
 .text.HAL_TIM_IC_CaptureCallback
                0x080009a8      0x13c ./Core/Src/czujnik.o
                0x080009a8                HAL_TIM_IC_CaptureCallback
 .text.MX_DMA_Init
                0x08000ae4       0x3c ./Core/Src/dma.o
                0x08000ae4                MX_DMA_Init
 .text.MX_GPIO_Init
                0x08000b20      0x128 ./Core/Src/gpio.o
                0x08000b20                MX_GPIO_Init
 .text.MX_I2C1_Init
                0x08000c48       0x80 ./Core/Src/i2c.o
                0x08000c48                MX_I2C1_Init
 .text.HAL_I2C_MspInit
                0x08000cc8       0xbc ./Core/Src/i2c.o
                0x08000cc8                HAL_I2C_MspInit
 .text.MX_LCD_Init
                0x08000d84       0x74 ./Core/Src/lcd.o
                0x08000d84                MX_LCD_Init
 .text.HAL_LCD_MspInit
                0x08000df8      0x19c ./Core/Src/lcd.o
                0x08000df8                HAL_LCD_MspInit
 .text.main     0x08000f94       0x3c ./Core/Src/main.o
                0x08000f94                main
 .text.SystemClock_Config
                0x08000fd0       0xa6 ./Core/Src/main.o
                0x08000fd0                SystemClock_Config
 .text.Error_Handler
                0x08001076        0xc ./Core/Src/main.o
                0x08001076                Error_Handler
 *fill*         0x08001082        0x2 
 .text.MX_SAI1_Init
                0x08001084       0x6c ./Core/Src/sai.o
                0x08001084                MX_SAI1_Init
 .text.HAL_SAI_MspInit
                0x080010f0      0x134 ./Core/Src/sai.o
                0x080010f0                HAL_SAI_MspInit
 .text.HAL_MspInit
                0x08001224       0x48 ./Core/Src/stm32l4xx_hal_msp.o
                0x08001224                HAL_MspInit
 .text.NMI_Handler
                0x0800126c        0x8 ./Core/Src/stm32l4xx_it.o
                0x0800126c                NMI_Handler
 .text.HardFault_Handler
                0x08001274        0x8 ./Core/Src/stm32l4xx_it.o
                0x08001274                HardFault_Handler
 .text.MemManage_Handler
                0x0800127c        0x8 ./Core/Src/stm32l4xx_it.o
                0x0800127c                MemManage_Handler
 .text.BusFault_Handler
                0x08001284        0x8 ./Core/Src/stm32l4xx_it.o
                0x08001284                BusFault_Handler
 .text.UsageFault_Handler
                0x0800128c        0x8 ./Core/Src/stm32l4xx_it.o
                0x0800128c                UsageFault_Handler
 .text.SVC_Handler
                0x08001294        0xe ./Core/Src/stm32l4xx_it.o
                0x08001294                SVC_Handler
 .text.DebugMon_Handler
                0x080012a2        0xe ./Core/Src/stm32l4xx_it.o
                0x080012a2                DebugMon_Handler
 .text.PendSV_Handler
                0x080012b0        0xe ./Core/Src/stm32l4xx_it.o
                0x080012b0                PendSV_Handler
 .text.SysTick_Handler
                0x080012be        0xc ./Core/Src/stm32l4xx_it.o
                0x080012be                SysTick_Handler
 *fill*         0x080012ca        0x2 
 .text.TIM1_CC_IRQHandler
                0x080012cc       0x14 ./Core/Src/stm32l4xx_it.o
                0x080012cc                TIM1_CC_IRQHandler
 .text.DMA2_Channel1_IRQHandler
                0x080012e0       0x14 ./Core/Src/stm32l4xx_it.o
                0x080012e0                DMA2_Channel1_IRQHandler
 .text.SystemInit
                0x080012f4       0x24 ./Core/Src/system_stm32l4xx.o
                0x080012f4                SystemInit
 .text.MX_TIM1_Init
                0x08001318       0xb4 ./Core/Src/tim.o
                0x08001318                MX_TIM1_Init
 .text.HAL_TIM_IC_MspInit
                0x080013cc       0x98 ./Core/Src/tim.o
                0x080013cc                HAL_TIM_IC_MspInit
 .text.Reset_Handler
                0x08001464       0x50 ./Core/Startup/startup_stm32l476vgtx.o
                0x08001464                Reset_Handler
 .text.Default_Handler
                0x080014b4        0x2 ./Core/Startup/startup_stm32l476vgtx.o
                0x080014b4                RTC_Alarm_IRQHandler
                0x080014b4                EXTI2_IRQHandler
                0x080014b4                TIM8_TRG_COM_IRQHandler
                0x080014b4                TIM8_CC_IRQHandler
                0x080014b4                TSC_IRQHandler
                0x080014b4                TAMP_STAMP_IRQHandler
                0x080014b4                EXTI3_IRQHandler
                0x080014b4                LPTIM2_IRQHandler
                0x080014b4                DFSDM1_FLT1_IRQHandler
                0x080014b4                I2C3_ER_IRQHandler
                0x080014b4                DFSDM1_FLT2_IRQHandler
                0x080014b4                EXTI0_IRQHandler
                0x080014b4                I2C2_EV_IRQHandler
                0x080014b4                CAN1_RX0_IRQHandler
                0x080014b4                FPU_IRQHandler
                0x080014b4                TIM1_UP_TIM16_IRQHandler
                0x080014b4                ADC1_2_IRQHandler
                0x080014b4                SPI1_IRQHandler
                0x080014b4                TIM6_DAC_IRQHandler
                0x080014b4                TIM8_UP_IRQHandler
                0x080014b4                DMA2_Channel2_IRQHandler
                0x080014b4                DMA1_Channel4_IRQHandler
                0x080014b4                SAI2_IRQHandler
                0x080014b4                DFSDM1_FLT3_IRQHandler
                0x080014b4                USART3_IRQHandler
                0x080014b4                DMA1_Channel7_IRQHandler
                0x080014b4                CAN1_RX1_IRQHandler
                0x080014b4                LCD_IRQHandler
                0x080014b4                UART5_IRQHandler
                0x080014b4                ADC3_IRQHandler
                0x080014b4                TIM4_IRQHandler
                0x080014b4                QUADSPI_IRQHandler
                0x080014b4                I2C1_EV_IRQHandler
                0x080014b4                DMA1_Channel6_IRQHandler
                0x080014b4                UART4_IRQHandler
                0x080014b4                DMA2_Channel4_IRQHandler
                0x080014b4                TIM3_IRQHandler
                0x080014b4                RCC_IRQHandler
                0x080014b4                DMA1_Channel1_IRQHandler
                0x080014b4                Default_Handler
                0x080014b4                DMA2_Channel7_IRQHandler
                0x080014b4                EXTI15_10_IRQHandler
                0x080014b4                TIM7_IRQHandler
                0x080014b4                SDMMC1_IRQHandler
                0x080014b4                TIM5_IRQHandler
                0x080014b4                I2C3_EV_IRQHandler
                0x080014b4                EXTI9_5_IRQHandler
                0x080014b4                RTC_WKUP_IRQHandler
                0x080014b4                PVD_PVM_IRQHandler
                0x080014b4                SPI2_IRQHandler
                0x080014b4                CAN1_TX_IRQHandler
                0x080014b4                DMA2_Channel5_IRQHandler
                0x080014b4                DMA1_Channel5_IRQHandler
                0x080014b4                EXTI4_IRQHandler
                0x080014b4                RNG_IRQHandler
                0x080014b4                TIM1_TRG_COM_TIM17_IRQHandler
                0x080014b4                DMA1_Channel3_IRQHandler
                0x080014b4                COMP_IRQHandler
                0x080014b4                WWDG_IRQHandler
                0x080014b4                LPUART1_IRQHandler
                0x080014b4                DMA2_Channel6_IRQHandler
                0x080014b4                TIM2_IRQHandler
                0x080014b4                EXTI1_IRQHandler
                0x080014b4                USART2_IRQHandler
                0x080014b4                DFSDM1_FLT0_IRQHandler
                0x080014b4                I2C2_ER_IRQHandler
                0x080014b4                DMA1_Channel2_IRQHandler
                0x080014b4                TIM8_BRK_IRQHandler
                0x080014b4                CAN1_SCE_IRQHandler
                0x080014b4                FLASH_IRQHandler
                0x080014b4                USART1_IRQHandler
                0x080014b4                OTG_FS_IRQHandler
                0x080014b4                SPI3_IRQHandler
                0x080014b4                I2C1_ER_IRQHandler
                0x080014b4                FMC_IRQHandler
                0x080014b4                SWPMI1_IRQHandler
                0x080014b4                LPTIM1_IRQHandler
                0x080014b4                SAI1_IRQHandler
                0x080014b4                DMA2_Channel3_IRQHandler
                0x080014b4                TIM1_BRK_TIM15_IRQHandler
 .text.HAL_Init
                0x080014b6       0x30 ./Drivers/STM32L4xx_HAL_Driver/Src/stm32l4xx_hal.o
                0x080014b6                HAL_Init
 *fill*         0x080014e6        0x2 
 .text.HAL_InitTick
                0x080014e8       0x78 ./Drivers/STM32L4xx_HAL_Driver/Src/stm32l4xx_hal.o
                0x080014e8                HAL_InitTick
 .text.HAL_IncTick
                0x08001560       0x28 ./Drivers/STM32L4xx_HAL_Driver/Src/stm32l4xx_hal.o
                0x08001560                HAL_IncTick
 .text.HAL_GetTick
                0x08001588       0x18 ./Drivers/STM32L4xx_HAL_Driver/Src/stm32l4xx_hal.o
                0x08001588                HAL_GetTick
 .text.HAL_Delay
                0x080015a0       0x48 ./Drivers/STM32L4xx_HAL_Driver/Src/stm32l4xx_hal.o
                0x080015a0                HAL_Delay
 .text.__NVIC_SetPriorityGrouping
                0x080015e8       0x48 ./Drivers/STM32L4xx_HAL_Driver/Src/stm32l4xx_hal_cortex.o
 .text.__NVIC_GetPriorityGrouping
                0x08001630       0x1c ./Drivers/STM32L4xx_HAL_Driver/Src/stm32l4xx_hal_cortex.o
 .text.__NVIC_EnableIRQ
                0x0800164c       0x3c ./Drivers/STM32L4xx_HAL_Driver/Src/stm32l4xx_hal_cortex.o
 .text.__NVIC_SetPriority
                0x08001688       0x54 ./Drivers/STM32L4xx_HAL_Driver/Src/stm32l4xx_hal_cortex.o
 .text.NVIC_EncodePriority
                0x080016dc       0x66 ./Drivers/STM32L4xx_HAL_Driver/Src/stm32l4xx_hal_cortex.o
 *fill*         0x08001742        0x2 
 .text.SysTick_Config
                0x08001744       0x44 ./Drivers/STM32L4xx_HAL_Driver/Src/stm32l4xx_hal_cortex.o
 .text.HAL_NVIC_SetPriorityGrouping
                0x08001788       0x16 ./Drivers/STM32L4xx_HAL_Driver/Src/stm32l4xx_hal_cortex.o
                0x08001788                HAL_NVIC_SetPriorityGrouping
 .text.HAL_NVIC_SetPriority
                0x0800179e       0x38 ./Drivers/STM32L4xx_HAL_Driver/Src/stm32l4xx_hal_cortex.o
                0x0800179e                HAL_NVIC_SetPriority
 .text.HAL_NVIC_EnableIRQ
                0x080017d6       0x1c ./Drivers/STM32L4xx_HAL_Driver/Src/stm32l4xx_hal_cortex.o
                0x080017d6                HAL_NVIC_EnableIRQ
 .text.HAL_SYSTICK_Config
                0x080017f2       0x18 ./Drivers/STM32L4xx_HAL_Driver/Src/stm32l4xx_hal_cortex.o
                0x080017f2                HAL_SYSTICK_Config
 *fill*         0x0800180a        0x2 
 .text.HAL_DMA_Init
                0x0800180c      0x170 ./Drivers/STM32L4xx_HAL_Driver/Src/stm32l4xx_hal_dma.o
                0x0800180c                HAL_DMA_Init
 .text.HAL_DMA_IRQHandler
                0x0800197c      0x15e ./Drivers/STM32L4xx_HAL_Driver/Src/stm32l4xx_hal_dma.o
                0x0800197c                HAL_DMA_IRQHandler
 *fill*         0x08001ada        0x2 
 .text.HAL_GPIO_Init
                0x08001adc      0x354 ./Drivers/STM32L4xx_HAL_Driver/Src/stm32l4xx_hal_gpio.o
                0x08001adc                HAL_GPIO_Init
 .text.HAL_GPIO_WritePin
                0x08001e30       0x30 ./Drivers/STM32L4xx_HAL_Driver/Src/stm32l4xx_hal_gpio.o
                0x08001e30                HAL_GPIO_WritePin
 .text.HAL_GPIO_TogglePin
                0x08001e60       0x34 ./Drivers/STM32L4xx_HAL_Driver/Src/stm32l4xx_hal_gpio.o
                0x08001e60                HAL_GPIO_TogglePin
 .text.HAL_I2C_Init
                0x08001e94      0x136 ./Drivers/STM32L4xx_HAL_Driver/Src/stm32l4xx_hal_i2c.o
                0x08001e94                HAL_I2C_Init
 .text.HAL_I2CEx_ConfigAnalogFilter
                0x08001fca       0x96 ./Drivers/STM32L4xx_HAL_Driver/Src/stm32l4xx_hal_i2c_ex.o
                0x08001fca                HAL_I2CEx_ConfigAnalogFilter
 .text.HAL_I2CEx_ConfigDigitalFilter
                0x08002060       0x98 ./Drivers/STM32L4xx_HAL_Driver/Src/stm32l4xx_hal_i2c_ex.o
                0x08002060                HAL_I2CEx_ConfigDigitalFilter
 .text.HAL_LCD_Init
                0x080020f8      0x180 ./Drivers/STM32L4xx_HAL_Driver/Src/stm32l4xx_hal_lcd.o
                0x080020f8                HAL_LCD_Init
 .text.LCD_WaitForSynchro
                0x08002278       0x42 ./Drivers/STM32L4xx_HAL_Driver/Src/stm32l4xx_hal_lcd.o
                0x08002278                LCD_WaitForSynchro
 *fill*         0x080022ba        0x2 
 .text.HAL_PWREx_GetVoltageRange
                0x080022bc       0x1c ./Drivers/STM32L4xx_HAL_Driver/Src/stm32l4xx_hal_pwr_ex.o
                0x080022bc                HAL_PWREx_GetVoltageRange
 .text.HAL_PWREx_ControlVoltageScaling
                0x080022d8       0xac ./Drivers/STM32L4xx_HAL_Driver/Src/stm32l4xx_hal_pwr_ex.o
                0x080022d8                HAL_PWREx_ControlVoltageScaling
 .text.HAL_RCC_OscConfig
                0x08002384      0x7b8 ./Drivers/STM32L4xx_HAL_Driver/Src/stm32l4xx_hal_rcc.o
                0x08002384                HAL_RCC_OscConfig
 .text.HAL_RCC_ClockConfig
                0x08002b3c      0x200 ./Drivers/STM32L4xx_HAL_Driver/Src/stm32l4xx_hal_rcc.o
                0x08002b3c                HAL_RCC_ClockConfig
 .text.HAL_RCC_GetSysClockFreq
                0x08002d3c      0x118 ./Drivers/STM32L4xx_HAL_Driver/Src/stm32l4xx_hal_rcc.o
                0x08002d3c                HAL_RCC_GetSysClockFreq
 .text.HAL_RCC_GetHCLKFreq
                0x08002e54       0x18 ./Drivers/STM32L4xx_HAL_Driver/Src/stm32l4xx_hal_rcc.o
                0x08002e54                HAL_RCC_GetHCLKFreq
 .text.HAL_RCC_GetPCLK1Freq
                0x08002e6c       0x2c ./Drivers/STM32L4xx_HAL_Driver/Src/stm32l4xx_hal_rcc.o
                0x08002e6c                HAL_RCC_GetPCLK1Freq
 .text.HAL_RCC_GetPCLK2Freq
                0x08002e98       0x2c ./Drivers/STM32L4xx_HAL_Driver/Src/stm32l4xx_hal_rcc.o
                0x08002e98                HAL_RCC_GetPCLK2Freq
 .text.RCC_SetFlashLatencyFromMSIRange
                0x08002ec4       0xc0 ./Drivers/STM32L4xx_HAL_Driver/Src/stm32l4xx_hal_rcc.o
 .text.HAL_RCCEx_PeriphCLKConfig
                0x08002f84      0x5d4 ./Drivers/STM32L4xx_HAL_Driver/Src/stm32l4xx_hal_rcc_ex.o
                0x08002f84                HAL_RCCEx_PeriphCLKConfig
 .text.HAL_RCCEx_GetPeriphCLKFreq
                0x08003558      0xadc ./Drivers/STM32L4xx_HAL_Driver/Src/stm32l4xx_hal_rcc_ex.o
                0x08003558                HAL_RCCEx_GetPeriphCLKFreq
 .text.RCCEx_PLLSAI1_Config
                0x08004034      0x1e8 ./Drivers/STM32L4xx_HAL_Driver/Src/stm32l4xx_hal_rcc_ex.o
 .text.RCCEx_PLLSAI2_Config
                0x0800421c      0x1bc ./Drivers/STM32L4xx_HAL_Driver/Src/stm32l4xx_hal_rcc_ex.o
 .text.RCCEx_GetSAIxPeriphCLKFreq
                0x080043d8      0x1e0 ./Drivers/STM32L4xx_HAL_Driver/Src/stm32l4xx_hal_rcc_ex.o
 .text.HAL_SAI_InitProtocol
                0x080045b8       0x62 ./Drivers/STM32L4xx_HAL_Driver/Src/stm32l4xx_hal_sai.o
                0x080045b8                HAL_SAI_InitProtocol
 *fill*         0x0800461a        0x2 
 .text.HAL_SAI_Init
                0x0800461c      0x2e4 ./Drivers/STM32L4xx_HAL_Driver/Src/stm32l4xx_hal_sai.o
                0x0800461c                HAL_SAI_Init
 .text.SAI_InitI2S
                0x08004900      0x164 ./Drivers/STM32L4xx_HAL_Driver/Src/stm32l4xx_hal_sai.o
 .text.SAI_InitPCM
                0x08004a64      0x104 ./Drivers/STM32L4xx_HAL_Driver/Src/stm32l4xx_hal_sai.o
 .text.SAI_Disable
                0x08004b68       0x74 ./Drivers/STM32L4xx_HAL_Driver/Src/stm32l4xx_hal_sai.o
 .text.HAL_TIM_IC_Init
                0x08004bdc       0xae ./Drivers/STM32L4xx_HAL_Driver/Src/stm32l4xx_hal_tim.o
                0x08004bdc                HAL_TIM_IC_Init
 .text.HAL_TIM_IRQHandler
                0x08004c8a      0x20e ./Drivers/STM32L4xx_HAL_Driver/Src/stm32l4xx_hal_tim.o
                0x08004c8a                HAL_TIM_IRQHandler
 .text.HAL_TIM_IC_ConfigChannel
                0x08004e98      0x138 ./Drivers/STM32L4xx_HAL_Driver/Src/stm32l4xx_hal_tim.o
                0x08004e98                HAL_TIM_IC_ConfigChannel
 .text.HAL_TIM_ReadCapturedValue
                0x08004fd0       0x88 ./Drivers/STM32L4xx_HAL_Driver/Src/stm32l4xx_hal_tim.o
                0x08004fd0                HAL_TIM_ReadCapturedValue
 .text.HAL_TIM_PeriodElapsedCallback
                0x08005058       0x14 ./Drivers/STM32L4xx_HAL_Driver/Src/stm32l4xx_hal_tim.o
                0x08005058                HAL_TIM_PeriodElapsedCallback
 .text.HAL_TIM_OC_DelayElapsedCallback
                0x0800506c       0x14 ./Drivers/STM32L4xx_HAL_Driver/Src/stm32l4xx_hal_tim.o
                0x0800506c                HAL_TIM_OC_DelayElapsedCallback
 .text.HAL_TIM_PWM_PulseFinishedCallback
                0x08005080       0x14 ./Drivers/STM32L4xx_HAL_Driver/Src/stm32l4xx_hal_tim.o
                0x08005080                HAL_TIM_PWM_PulseFinishedCallback
 .text.HAL_TIM_TriggerCallback
                0x08005094       0x14 ./Drivers/STM32L4xx_HAL_Driver/Src/stm32l4xx_hal_tim.o
                0x08005094                HAL_TIM_TriggerCallback
 .text.TIM_Base_SetConfig
                0x080050a8      0x14c ./Drivers/STM32L4xx_HAL_Driver/Src/stm32l4xx_hal_tim.o
                0x080050a8                TIM_Base_SetConfig
 .text.TIM_TI1_SetConfig
                0x080051f4       0xdc ./Drivers/STM32L4xx_HAL_Driver/Src/stm32l4xx_hal_tim.o
                0x080051f4                TIM_TI1_SetConfig
 .text.TIM_TI2_SetConfig
                0x080052d0       0x7a ./Drivers/STM32L4xx_HAL_Driver/Src/stm32l4xx_hal_tim.o
 .text.TIM_TI3_SetConfig
                0x0800534a       0x78 ./Drivers/STM32L4xx_HAL_Driver/Src/stm32l4xx_hal_tim.o
 .text.TIM_TI4_SetConfig
                0x080053c2       0x7a ./Drivers/STM32L4xx_HAL_Driver/Src/stm32l4xx_hal_tim.o
 .text.HAL_TIMEx_MasterConfigSynchronization
                0x0800543c      0x110 ./Drivers/STM32L4xx_HAL_Driver/Src/stm32l4xx_hal_tim_ex.o
                0x0800543c                HAL_TIMEx_MasterConfigSynchronization
 .text.HAL_TIMEx_CommutCallback
                0x0800554c       0x14 ./Drivers/STM32L4xx_HAL_Driver/Src/stm32l4xx_hal_tim_ex.o
                0x0800554c                HAL_TIMEx_CommutCallback
 .text.HAL_TIMEx_BreakCallback
                0x08005560       0x14 ./Drivers/STM32L4xx_HAL_Driver/Src/stm32l4xx_hal_tim_ex.o
                0x08005560                HAL_TIMEx_BreakCallback
 .text.HAL_TIMEx_Break2Callback
                0x08005574       0x14 ./Drivers/STM32L4xx_HAL_Driver/Src/stm32l4xx_hal_tim_ex.o
                0x08005574                HAL_TIMEx_Break2Callback
 .text.memset   0x08005588       0x10 C:/ST/STM32CubeIDE_1.18.1/STM32CubeIDE/plugins/com.st.stm32cube.ide.mcu.externaltools.gnu-tools-for-stm32.13.3.rel1.win32_1.0.0.202411081344/tools/bin/../lib/gcc/arm-none-eabi/13.3.1/../../../../arm-none-eabi/lib/thumb/v7e-m+fp/hard\libc_nano.a(libc_a-memset.o)
                0x08005588                memset
 .text.__libc_init_array
                0x08005598       0x48 C:/ST/STM32CubeIDE_1.18.1/STM32CubeIDE/plugins/com.st.stm32cube.ide.mcu.externaltools.gnu-tools-for-stm32.13.3.rel1.win32_1.0.0.202411081344/tools/bin/../lib/gcc/arm-none-eabi/13.3.1/../../../../arm-none-eabi/lib/thumb/v7e-m+fp/hard\libc_nano.a(libc_a-init.o)
                0x08005598                __libc_init_array
 *(.glue_7)
 .glue_7        0x080055e0        0x0 linker stubs
 *(.glue_7t)
 .glue_7t       0x080055e0        0x0 linker stubs
 *(.eh_frame)
 .eh_frame      0x080055e0        0x0 C:/ST/STM32CubeIDE_1.18.1/STM32CubeIDE/plugins/com.st.stm32cube.ide.mcu.externaltools.gnu-tools-for-stm32.13.3.rel1.win32_1.0.0.202411081344/tools/bin/../lib/gcc/arm-none-eabi/13.3.1/thumb/v7e-m+fp/hard/crtbegin.o
 *(.init)
 .init          0x080055e0        0x4 C:/ST/STM32CubeIDE_1.18.1/STM32CubeIDE/plugins/com.st.stm32cube.ide.mcu.externaltools.gnu-tools-for-stm32.13.3.rel1.win32_1.0.0.202411081344/tools/bin/../lib/gcc/arm-none-eabi/13.3.1/thumb/v7e-m+fp/hard/crti.o
                0x080055e0                _init
 .init          0x080055e4        0x8 C:/ST/STM32CubeIDE_1.18.1/STM32CubeIDE/plugins/com.st.stm32cube.ide.mcu.externaltools.gnu-tools-for-stm32.13.3.rel1.win32_1.0.0.202411081344/tools/bin/../lib/gcc/arm-none-eabi/13.3.1/thumb/v7e-m+fp/hard/crtn.o
 *(.fini)
 .fini          0x080055ec        0x4 C:/ST/STM32CubeIDE_1.18.1/STM32CubeIDE/plugins/com.st.stm32cube.ide.mcu.externaltools.gnu-tools-for-stm32.13.3.rel1.win32_1.0.0.202411081344/tools/bin/../lib/gcc/arm-none-eabi/13.3.1/thumb/v7e-m+fp/hard/crti.o
                0x080055ec                _fini
 .fini          0x080055f0        0x8 C:/ST/STM32CubeIDE_1.18.1/STM32CubeIDE/plugins/com.st.stm32cube.ide.mcu.externaltools.gnu-tools-for-stm32.13.3.rel1.win32_1.0.0.202411081344/tools/bin/../lib/gcc/arm-none-eabi/13.3.1/thumb/v7e-m+fp/hard/crtn.o
                0x080055f8                        . = ALIGN (0x4)
                0x080055f8                        _etext = .

.vfp11_veneer   0x080055f8        0x0
 .vfp11_veneer  0x080055f8        0x0 linker stubs

.v4_bx          0x080055f8        0x0
 .v4_bx         0x080055f8        0x0 linker stubs

.iplt           0x080055f8        0x0
 .iplt          0x080055f8        0x0 C:/ST/STM32CubeIDE_1.18.1/STM32CubeIDE/plugins/com.st.stm32cube.ide.mcu.externaltools.gnu-tools-for-stm32.13.3.rel1.win32_1.0.0.202411081344/tools/bin/../lib/gcc/arm-none-eabi/13.3.1/thumb/v7e-m+fp/hard/crtbegin.o

.rodata         0x080055f8       0x48
                0x080055f8                        . = ALIGN (0x4)
 *(.rodata)
 *(.rodata*)
 .rodata.AHBPrescTable
                0x080055f8       0x10 ./Core/Src/system_stm32l4xx.o
                0x080055f8                AHBPrescTable
 .rodata.APBPrescTable
                0x08005608        0x8 ./Core/Src/system_stm32l4xx.o
                0x08005608                APBPrescTable
 .rodata.MSIRangeTable
                0x08005610       0x30 ./Core/Src/system_stm32l4xx.o
                0x08005610                MSIRangeTable
                0x08005640                        . = ALIGN (0x4)

.ARM.extab      0x08005640        0x0
                0x08005640                        . = ALIGN (0x4)
 *(.ARM.extab* .gnu.linkonce.armextab.*)
                0x08005640                        . = ALIGN (0x4)

.ARM            0x08005640        0x0
                0x08005640                        . = ALIGN (0x4)
                0x08005640                        __exidx_start = .
 *(.ARM.exidx*)
                0x08005640                        __exidx_end = .
                0x08005640                        . = ALIGN (0x4)

.preinit_array  0x08005640        0x0
                0x08005640                        . = ALIGN (0x4)
                0x08005640                        PROVIDE (__preinit_array_start = .)
 *(.preinit_array*)
                0x08005640                        PROVIDE (__preinit_array_end = .)
                0x08005640                        . = ALIGN (0x4)

.init_array     0x08005640        0x4
                0x08005640                        . = ALIGN (0x4)
                0x08005640                        PROVIDE (__init_array_start = .)
 *(SORT_BY_NAME(.init_array.*))
 *(.init_array*)
 .init_array    0x08005640        0x4 C:/ST/STM32CubeIDE_1.18.1/STM32CubeIDE/plugins/com.st.stm32cube.ide.mcu.externaltools.gnu-tools-for-stm32.13.3.rel1.win32_1.0.0.202411081344/tools/bin/../lib/gcc/arm-none-eabi/13.3.1/thumb/v7e-m+fp/hard/crtbegin.o
                0x08005644                        PROVIDE (__init_array_end = .)
                0x08005644                        . = ALIGN (0x4)

.fini_array     0x08005644        0x4
                0x08005644                        . = ALIGN (0x4)
                [!provide]                        PROVIDE (__fini_array_start = .)
 *(SORT_BY_NAME(.fini_array.*))
 *(.fini_array*)
 .fini_array    0x08005644        0x4 C:/ST/STM32CubeIDE_1.18.1/STM32CubeIDE/plugins/com.st.stm32cube.ide.mcu.externaltools.gnu-tools-for-stm32.13.3.rel1.win32_1.0.0.202411081344/tools/bin/../lib/gcc/arm-none-eabi/13.3.1/thumb/v7e-m+fp/hard/crtbegin.o
                [!provide]                        PROVIDE (__fini_array_end = .)
                0x08005648                        . = ALIGN (0x4)
                0x08005648                        _sidata = LOADADDR (.data)

.rel.dyn        0x08005648        0x0
 .rel.iplt      0x08005648        0x0 C:/ST/STM32CubeIDE_1.18.1/STM32CubeIDE/plugins/com.st.stm32cube.ide.mcu.externaltools.gnu-tools-for-stm32.13.3.rel1.win32_1.0.0.202411081344/tools/bin/../lib/gcc/arm-none-eabi/13.3.1/thumb/v7e-m+fp/hard/crtbegin.o

.data           0x20000000       0x10 load address 0x08005648
                0x20000000                        . = ALIGN (0x4)
                0x20000000                        _sdata = .
 *(.data)
 *(.data*)
 .data.distance
                0x20000000        0x4 ./Core/Src/czujnik.o
                0x20000000                distance
 .data.SystemCoreClock
                0x20000004        0x4 ./Core/Src/system_stm32l4xx.o
                0x20000004                SystemCoreClock
 .data.uwTickPrio
                0x20000008        0x4 ./Drivers/STM32L4xx_HAL_Driver/Src/stm32l4xx_hal.o
                0x20000008                uwTickPrio
 .data.uwTickFreq
                0x2000000c        0x1 ./Drivers/STM32L4xx_HAL_Driver/Src/stm32l4xx_hal.o
                0x2000000c                uwTickFreq
 *(.RamFunc)
 *(.RamFunc*)
                0x20000010                        . = ALIGN (0x4)
 *fill*         0x2000000d        0x3 
                0x20000010                        _edata = .

.igot.plt       0x20000010        0x0 load address 0x08005658
 .igot.plt      0x20000010        0x0 C:/ST/STM32CubeIDE_1.18.1/STM32CubeIDE/plugins/com.st.stm32cube.ide.mcu.externaltools.gnu-tools-for-stm32.13.3.rel1.win32_1.0.0.202411081344/tools/bin/../lib/gcc/arm-none-eabi/13.3.1/thumb/v7e-m+fp/hard/crtbegin.o
                0x20000010                        . = ALIGN (0x4)

.bss            0x20000010      0x1dc load address 0x08005658
                0x20000010                        _sbss = .
                0x20000010                        __bss_start__ = _sbss
 *(.bss)
 .bss           0x20000010       0x1c C:/ST/STM32CubeIDE_1.18.1/STM32CubeIDE/plugins/com.st.stm32cube.ide.mcu.externaltools.gnu-tools-for-stm32.13.3.rel1.win32_1.0.0.202411081344/tools/bin/../lib/gcc/arm-none-eabi/13.3.1/thumb/v7e-m+fp/hard/crtbegin.o
 *(.bss*)
 .bss.FirstVal  0x2000002c        0x4 ./Core/Src/czujnik.o
                0x2000002c                FirstVal
 .bss.capturestate
                0x20000030        0x1 ./Core/Src/czujnik.o
                0x20000030                capturestate
 *fill*         0x20000031        0x3 
 .bss.SecondVal
                0x20000034        0x4 ./Core/Src/czujnik.o
                0x20000034                SecondVal
 .bss.impulse_width
                0x20000038        0x4 ./Core/Src/czujnik.o
                0x20000038                impulse_width
 .bss.hi2c1     0x2000003c       0x54 ./Core/Src/i2c.o
                0x2000003c                hi2c1
 .bss.hlcd      0x20000090       0x3c ./Core/Src/lcd.o
                0x20000090                hlcd
 .bss.hsai_BlockA1
                0x200000cc       0x84 ./Core/Src/sai.o
                0x200000cc                hsai_BlockA1
 .bss.hdma_sai1_a
                0x20000150       0x48 ./Core/Src/sai.o
                0x20000150                hdma_sai1_a
 .bss.SAI1_client
                0x20000198        0x4 ./Core/Src/sai.o
 .bss.htim1     0x2000019c       0x4c ./Core/Src/tim.o
                0x2000019c                htim1
 .bss.uwTick    0x200001e8        0x4 ./Drivers/STM32L4xx_HAL_Driver/Src/stm32l4xx_hal.o
                0x200001e8                uwTick
 *(COMMON)
                0x200001ec                        . = ALIGN (0x4)
                0x200001ec                        _ebss = .
                0x200001ec                        __bss_end__ = _ebss

._user_heap_stack
                0x200001ec      0x604 load address 0x08005658
                0x200001f0                        . = ALIGN (0x8)
 *fill*         0x200001ec        0x4 
                [!provide]                        PROVIDE (end = .)
                0x200001f0                        PROVIDE (_end = .)
                0x200003f0                        . = (. + _Min_Heap_Size)
 *fill*         0x200001f0      0x200 
                0x200007f0                        . = (. + _Min_Stack_Size)
 *fill*         0x200003f0      0x400 
                0x200007f0                        . = ALIGN (0x8)

/DISCARD/
 libc.a(*)
 libm.a(*)
 libgcc.a(*)

.ARM.attributes
                0x00000000       0x30
 *(.ARM.attributes)
 .ARM.attributes
                0x00000000       0x22 C:/ST/STM32CubeIDE_1.18.1/STM32CubeIDE/plugins/com.st.stm32cube.ide.mcu.externaltools.gnu-tools-for-stm32.13.3.rel1.win32_1.0.0.202411081344/tools/bin/../lib/gcc/arm-none-eabi/13.3.1/thumb/v7e-m+fp/hard/crti.o
 .ARM.attributes
                0x00000022       0x34 C:/ST/STM32CubeIDE_1.18.1/STM32CubeIDE/plugins/com.st.stm32cube.ide.mcu.externaltools.gnu-tools-for-stm32.13.3.rel1.win32_1.0.0.202411081344/tools/bin/../lib/gcc/arm-none-eabi/13.3.1/thumb/v7e-m+fp/hard/crtbegin.o
 .ARM.attributes
                0x00000056       0x34 ./Core/Src/czujnik.o
 .ARM.attributes
                0x0000008a       0x34 ./Core/Src/dma.o
 .ARM.attributes
                0x000000be       0x34 ./Core/Src/gpio.o
 .ARM.attributes
                0x000000f2       0x34 ./Core/Src/i2c.o
 .ARM.attributes
                0x00000126       0x34 ./Core/Src/lcd.o
 .ARM.attributes
                0x0000015a       0x34 ./Core/Src/main.o
 .ARM.attributes
                0x0000018e       0x34 ./Core/Src/sai.o
 .ARM.attributes
                0x000001c2       0x34 ./Core/Src/stm32l4xx_hal_msp.o
 .ARM.attributes
                0x000001f6       0x34 ./Core/Src/stm32l4xx_it.o
 .ARM.attributes
                0x0000022a       0x34 ./Core/Src/system_stm32l4xx.o
 .ARM.attributes
                0x0000025e       0x34 ./Core/Src/tim.o
 .ARM.attributes
                0x00000292       0x21 ./Core/Startup/startup_stm32l476vgtx.o
 .ARM.attributes
                0x000002b3       0x34 ./Drivers/STM32L4xx_HAL_Driver/Src/stm32l4xx_hal.o
 .ARM.attributes
                0x000002e7       0x34 ./Drivers/STM32L4xx_HAL_Driver/Src/stm32l4xx_hal_cortex.o
 .ARM.attributes
                0x0000031b       0x34 ./Drivers/STM32L4xx_HAL_Driver/Src/stm32l4xx_hal_dma.o
 .ARM.attributes
                0x0000034f       0x34 ./Drivers/STM32L4xx_HAL_Driver/Src/stm32l4xx_hal_gpio.o
 .ARM.attributes
                0x00000383       0x34 ./Drivers/STM32L4xx_HAL_Driver/Src/stm32l4xx_hal_i2c.o
 .ARM.attributes
                0x000003b7       0x34 ./Drivers/STM32L4xx_HAL_Driver/Src/stm32l4xx_hal_i2c_ex.o
 .ARM.attributes
                0x000003eb       0x34 ./Drivers/STM32L4xx_HAL_Driver/Src/stm32l4xx_hal_lcd.o
 .ARM.attributes
                0x0000041f       0x34 ./Drivers/STM32L4xx_HAL_Driver/Src/stm32l4xx_hal_pwr_ex.o
 .ARM.attributes
                0x00000453       0x34 ./Drivers/STM32L4xx_HAL_Driver/Src/stm32l4xx_hal_rcc.o
 .ARM.attributes
                0x00000487       0x34 ./Drivers/STM32L4xx_HAL_Driver/Src/stm32l4xx_hal_rcc_ex.o
 .ARM.attributes
                0x000004bb       0x34 ./Drivers/STM32L4xx_HAL_Driver/Src/stm32l4xx_hal_sai.o
 .ARM.attributes
                0x000004ef       0x34 ./Drivers/STM32L4xx_HAL_Driver/Src/stm32l4xx_hal_tim.o
 .ARM.attributes
                0x00000523       0x34 ./Drivers/STM32L4xx_HAL_Driver/Src/stm32l4xx_hal_tim_ex.o
 .ARM.attributes
                0x00000557       0x34 C:/ST/STM32CubeIDE_1.18.1/STM32CubeIDE/plugins/com.st.stm32cube.ide.mcu.externaltools.gnu-tools-for-stm32.13.3.rel1.win32_1.0.0.202411081344/tools/bin/../lib/gcc/arm-none-eabi/13.3.1/../../../../arm-none-eabi/lib/thumb/v7e-m+fp/hard\libc_nano.a(libc_a-memset.o)
 .ARM.attributes
                0x0000058b       0x34 C:/ST/STM32CubeIDE_1.18.1/STM32CubeIDE/plugins/com.st.stm32cube.ide.mcu.externaltools.gnu-tools-for-stm32.13.3.rel1.win32_1.0.0.202411081344/tools/bin/../lib/gcc/arm-none-eabi/13.3.1/../../../../arm-none-eabi/lib/thumb/v7e-m+fp/hard\libc_nano.a(libc_a-init.o)
 .ARM.attributes
                0x000005bf       0x22 C:/ST/STM32CubeIDE_1.18.1/STM32CubeIDE/plugins/com.st.stm32cube.ide.mcu.externaltools.gnu-tools-for-stm32.13.3.rel1.win32_1.0.0.202411081344/tools/bin/../lib/gcc/arm-none-eabi/13.3.1/thumb/v7e-m+fp/hard\libgcc.a(_arm_addsubdf3.o)
 .ARM.attributes
                0x000005e1       0x22 C:/ST/STM32CubeIDE_1.18.1/STM32CubeIDE/plugins/com.st.stm32cube.ide.mcu.externaltools.gnu-tools-for-stm32.13.3.rel1.win32_1.0.0.202411081344/tools/bin/../lib/gcc/arm-none-eabi/13.3.1/thumb/v7e-m+fp/hard\libgcc.a(_arm_muldivdf3.o)
 .ARM.attributes
                0x00000603       0x22 C:/ST/STM32CubeIDE_1.18.1/STM32CubeIDE/plugins/com.st.stm32cube.ide.mcu.externaltools.gnu-tools-for-stm32.13.3.rel1.win32_1.0.0.202411081344/tools/bin/../lib/gcc/arm-none-eabi/13.3.1/thumb/v7e-m+fp/hard\libgcc.a(_arm_fixunsdfsi.o)
 .ARM.attributes
                0x00000625       0x22 C:/ST/STM32CubeIDE_1.18.1/STM32CubeIDE/plugins/com.st.stm32cube.ide.mcu.externaltools.gnu-tools-for-stm32.13.3.rel1.win32_1.0.0.202411081344/tools/bin/../lib/gcc/arm-none-eabi/13.3.1/thumb/v7e-m+fp/hard/crtn.o
OUTPUT(srprojekt.elf elf32-littlearm)
LOAD linker stubs
LOAD C:/ST/STM32CubeIDE_1.18.1/STM32CubeIDE/plugins/com.st.stm32cube.ide.mcu.externaltools.gnu-tools-for-stm32.13.3.rel1.win32_1.0.0.202411081344/tools/bin/../lib/gcc/arm-none-eabi/13.3.1/../../../../arm-none-eabi/lib/thumb/v7e-m+fp/hard\libc.a
LOAD C:/ST/STM32CubeIDE_1.18.1/STM32CubeIDE/plugins/com.st.stm32cube.ide.mcu.externaltools.gnu-tools-for-stm32.13.3.rel1.win32_1.0.0.202411081344/tools/bin/../lib/gcc/arm-none-eabi/13.3.1/../../../../arm-none-eabi/lib/thumb/v7e-m+fp/hard\libm.a
LOAD C:/ST/STM32CubeIDE_1.18.1/STM32CubeIDE/plugins/com.st.stm32cube.ide.mcu.externaltools.gnu-tools-for-stm32.13.3.rel1.win32_1.0.0.202411081344/tools/bin/../lib/gcc/arm-none-eabi/13.3.1/thumb/v7e-m+fp/hard\libgcc.a

.debug_info     0x00000000    0x12433
 .debug_info    0x00000000      0x862 ./Core/Src/czujnik.o
 .debug_info    0x00000862      0x503 ./Core/Src/dma.o
 .debug_info    0x00000d65      0x48f ./Core/Src/gpio.o
 .debug_info    0x000011f4      0xcb0 ./Core/Src/i2c.o
 .debug_info    0x00001ea4      0x9b3 ./Core/Src/lcd.o
 .debug_info    0x00002857      0x3fd ./Core/Src/main.o
 .debug_info    0x00002c54      0xd1b ./Core/Src/sai.o
 .debug_info    0x0000396f      0x2b9 ./Core/Src/stm32l4xx_hal_msp.o
 .debug_info    0x00003c28      0x731 ./Core/Src/stm32l4xx_it.o
 .debug_info    0x00004359      0x5b1 ./Core/Src/system_stm32l4xx.o
 .debug_info    0x0000490a      0xe52 ./Core/Src/tim.o
 .debug_info    0x0000575c       0x30 ./Core/Startup/startup_stm32l476vgtx.o
 .debug_info    0x0000578c      0xaeb ./Drivers/STM32L4xx_HAL_Driver/Src/stm32l4xx_hal.o
 .debug_info    0x00006277      0xd81 ./Drivers/STM32L4xx_HAL_Driver/Src/stm32l4xx_hal_cortex.o
 .debug_info    0x00006ff8      0x6f4 ./Drivers/STM32L4xx_HAL_Driver/Src/stm32l4xx_hal_dma.o
 .debug_info    0x000076ec      0x757 ./Drivers/STM32L4xx_HAL_Driver/Src/stm32l4xx_hal_gpio.o
 .debug_info    0x00007e43     0x20d2 ./Drivers/STM32L4xx_HAL_Driver/Src/stm32l4xx_hal_i2c.o
 .debug_info    0x00009f15      0x975 ./Drivers/STM32L4xx_HAL_Driver/Src/stm32l4xx_hal_i2c_ex.o
 .debug_info    0x0000a88a      0x51c ./Drivers/STM32L4xx_HAL_Driver/Src/stm32l4xx_hal_lcd.o
 .debug_info    0x0000ada6      0x99e ./Drivers/STM32L4xx_HAL_Driver/Src/stm32l4xx_hal_pwr_ex.o
 .debug_info    0x0000b744      0xc14 ./Drivers/STM32L4xx_HAL_Driver/Src/stm32l4xx_hal_rcc.o
 .debug_info    0x0000c358      0xe11 ./Drivers/STM32L4xx_HAL_Driver/Src/stm32l4xx_hal_rcc_ex.o
 .debug_info    0x0000d169     0x1192 ./Drivers/STM32L4xx_HAL_Driver/Src/stm32l4xx_hal_sai.o
 .debug_info    0x0000e2fb     0x2a9a ./Drivers/STM32L4xx_HAL_Driver/Src/stm32l4xx_hal_tim.o
 .debug_info    0x00010d95     0x169e ./Drivers/STM32L4xx_HAL_Driver/Src/stm32l4xx_hal_tim_ex.o

.debug_abbrev   0x00000000     0x2f52
 .debug_abbrev  0x00000000      0x1ea ./Core/Src/czujnik.o
 .debug_abbrev  0x000001ea       0xfc ./Core/Src/dma.o
 .debug_abbrev  0x000002e6      0x152 ./Core/Src/gpio.o
 .debug_abbrev  0x00000438      0x212 ./Core/Src/i2c.o
 .debug_abbrev  0x0000064a      0x1cb ./Core/Src/lcd.o
 .debug_abbrev  0x00000815      0x1d6 ./Core/Src/main.o
 .debug_abbrev  0x000009eb      0x1fd ./Core/Src/sai.o
 .debug_abbrev  0x00000be8       0xc6 ./Core/Src/stm32l4xx_hal_msp.o
 .debug_abbrev  0x00000cae      0x196 ./Core/Src/stm32l4xx_it.o
 .debug_abbrev  0x00000e44      0x11a ./Core/Src/system_stm32l4xx.o
 .debug_abbrev  0x00000f5e      0x211 ./Core/Src/tim.o
 .debug_abbrev  0x0000116f       0x24 ./Core/Startup/startup_stm32l476vgtx.o
 .debug_abbrev  0x00001193      0x242 ./Drivers/STM32L4xx_HAL_Driver/Src/stm32l4xx_hal.o
 .debug_abbrev  0x000013d5      0x31c ./Drivers/STM32L4xx_HAL_Driver/Src/stm32l4xx_hal_cortex.o
 .debug_abbrev  0x000016f1      0x1e4 ./Drivers/STM32L4xx_HAL_Driver/Src/stm32l4xx_hal_dma.o
 .debug_abbrev  0x000018d5      0x1cb ./Drivers/STM32L4xx_HAL_Driver/Src/stm32l4xx_hal_gpio.o
 .debug_abbrev  0x00001aa0      0x261 ./Drivers/STM32L4xx_HAL_Driver/Src/stm32l4xx_hal_i2c.o
 .debug_abbrev  0x00001d01      0x1c3 ./Drivers/STM32L4xx_HAL_Driver/Src/stm32l4xx_hal_i2c_ex.o
 .debug_abbrev  0x00001ec4      0x1bc ./Drivers/STM32L4xx_HAL_Driver/Src/stm32l4xx_hal_lcd.o
 .debug_abbrev  0x00002080      0x1f9 ./Drivers/STM32L4xx_HAL_Driver/Src/stm32l4xx_hal_pwr_ex.o
 .debug_abbrev  0x00002279      0x2cb ./Drivers/STM32L4xx_HAL_Driver/Src/stm32l4xx_hal_rcc.o
 .debug_abbrev  0x00002544      0x2a6 ./Drivers/STM32L4xx_HAL_Driver/Src/stm32l4xx_hal_rcc_ex.o
 .debug_abbrev  0x000027ea      0x26d ./Drivers/STM32L4xx_HAL_Driver/Src/stm32l4xx_hal_sai.o
 .debug_abbrev  0x00002a57      0x278 ./Drivers/STM32L4xx_HAL_Driver/Src/stm32l4xx_hal_tim.o
 .debug_abbrev  0x00002ccf      0x283 ./Drivers/STM32L4xx_HAL_Driver/Src/stm32l4xx_hal_tim_ex.o

.debug_aranges  0x00000000     0x1248
 .debug_aranges
                0x00000000       0x30 ./Core/Src/czujnik.o
 .debug_aranges
                0x00000030       0x20 ./Core/Src/dma.o
 .debug_aranges
                0x00000050       0x20 ./Core/Src/gpio.o
 .debug_aranges
                0x00000070       0x30 ./Core/Src/i2c.o
 .debug_aranges
                0x000000a0       0x30 ./Core/Src/lcd.o
 .debug_aranges
                0x000000d0       0x30 ./Core/Src/main.o
 .debug_aranges
                0x00000100       0x30 ./Core/Src/sai.o
 .debug_aranges
                0x00000130       0x20 ./Core/Src/stm32l4xx_hal_msp.o
 .debug_aranges
                0x00000150       0x70 ./Core/Src/stm32l4xx_it.o
 .debug_aranges
                0x000001c0       0x28 ./Core/Src/system_stm32l4xx.o
 .debug_aranges
                0x000001e8       0x30 ./Core/Src/tim.o
 .debug_aranges
                0x00000218       0x28 ./Core/Startup/startup_stm32l476vgtx.o
 .debug_aranges
                0x00000240      0x130 ./Drivers/STM32L4xx_HAL_Driver/Src/stm32l4xx_hal.o
 .debug_aranges
                0x00000370      0x128 ./Drivers/STM32L4xx_HAL_Driver/Src/stm32l4xx_hal_cortex.o
 .debug_aranges
                0x00000498       0x80 ./Drivers/STM32L4xx_HAL_Driver/Src/stm32l4xx_hal_dma.o
 .debug_aranges
                0x00000518       0x58 ./Drivers/STM32L4xx_HAL_Driver/Src/stm32l4xx_hal_gpio.o
 .debug_aranges
                0x00000570      0x2a0 ./Drivers/STM32L4xx_HAL_Driver/Src/stm32l4xx_hal_i2c.o
 .debug_aranges
                0x00000810       0x48 ./Drivers/STM32L4xx_HAL_Driver/Src/stm32l4xx_hal_i2c_ex.o
 .debug_aranges
                0x00000858       0x68 ./Drivers/STM32L4xx_HAL_Driver/Src/stm32l4xx_hal_lcd.o
 .debug_aranges
                0x000008c0      0x160 ./Drivers/STM32L4xx_HAL_Driver/Src/stm32l4xx_hal_pwr_ex.o
 .debug_aranges
                0x00000a20       0x90 ./Drivers/STM32L4xx_HAL_Driver/Src/stm32l4xx_hal_rcc.o
 .debug_aranges
                0x00000ab0       0xc0 ./Drivers/STM32L4xx_HAL_Driver/Src/stm32l4xx_hal_rcc_ex.o
 .debug_aranges
                0x00000b70      0x178 ./Drivers/STM32L4xx_HAL_Driver/Src/stm32l4xx_hal_sai.o
 .debug_aranges
                0x00000ce8      0x3e0 ./Drivers/STM32L4xx_HAL_Driver/Src/stm32l4xx_hal_tim.o
 .debug_aranges
                0x000010c8      0x180 ./Drivers/STM32L4xx_HAL_Driver/Src/stm32l4xx_hal_tim_ex.o

.debug_rnglists
                0x00000000      0xe25
 .debug_rnglists
                0x00000000       0x20 ./Core/Src/czujnik.o
 .debug_rnglists
                0x00000020       0x13 ./Core/Src/dma.o
 .debug_rnglists
                0x00000033       0x14 ./Core/Src/gpio.o
 .debug_rnglists
                0x00000047       0x21 ./Core/Src/i2c.o
 .debug_rnglists
                0x00000068       0x20 ./Core/Src/lcd.o
 .debug_rnglists
                0x00000088       0x20 ./Core/Src/main.o
 .debug_rnglists
                0x000000a8       0x20 ./Core/Src/sai.o
 .debug_rnglists
                0x000000c8       0x13 ./Core/Src/stm32l4xx_hal_msp.o
 .debug_rnglists
                0x000000db       0x4f ./Core/Src/stm32l4xx_it.o
 .debug_rnglists
                0x0000012a       0x1a ./Core/Src/system_stm32l4xx.o
 .debug_rnglists
                0x00000144       0x21 ./Core/Src/tim.o
 .debug_rnglists
                0x00000165       0x19 ./Core/Startup/startup_stm32l476vgtx.o
 .debug_rnglists
                0x0000017e       0xdf ./Drivers/STM32L4xx_HAL_Driver/Src/stm32l4xx_hal.o
 .debug_rnglists
                0x0000025d       0xda ./Drivers/STM32L4xx_HAL_Driver/Src/stm32l4xx_hal_cortex.o
 .debug_rnglists
                0x00000337       0x64 ./Drivers/STM32L4xx_HAL_Driver/Src/stm32l4xx_hal_dma.o
 .debug_rnglists
                0x0000039b       0x3f ./Drivers/STM32L4xx_HAL_Driver/Src/stm32l4xx_hal_gpio.o
 .debug_rnglists
                0x000003da      0x228 ./Drivers/STM32L4xx_HAL_Driver/Src/stm32l4xx_hal_i2c.o
 .debug_rnglists
                0x00000602       0x35 ./Drivers/STM32L4xx_HAL_Driver/Src/stm32l4xx_hal_i2c_ex.o
 .debug_rnglists
                0x00000637       0x4c ./Drivers/STM32L4xx_HAL_Driver/Src/stm32l4xx_hal_lcd.o
 .debug_rnglists
                0x00000683      0x109 ./Drivers/STM32L4xx_HAL_Driver/Src/stm32l4xx_hal_pwr_ex.o
 .debug_rnglists
                0x0000078c       0x6d ./Drivers/STM32L4xx_HAL_Driver/Src/stm32l4xx_hal_rcc.o
 .debug_rnglists
                0x000007f9       0x95 ./Drivers/STM32L4xx_HAL_Driver/Src/stm32l4xx_hal_rcc_ex.o
 .debug_rnglists
                0x0000088e      0x136 ./Drivers/STM32L4xx_HAL_Driver/Src/stm32l4xx_hal_sai.o
 .debug_rnglists
                0x000009c4      0x328 ./Drivers/STM32L4xx_HAL_Driver/Src/stm32l4xx_hal_tim.o
 .debug_rnglists
                0x00000cec      0x139 ./Drivers/STM32L4xx_HAL_Driver/Src/stm32l4xx_hal_tim_ex.o

.debug_macro    0x00000000    0x284c2
 .debug_macro   0x00000000      0x2d8 ./Core/Src/czujnik.o
 .debug_macro   0x000002d8      0xad8 ./Core/Src/czujnik.o
 .debug_macro   0x00000db0      0x1b3 ./Core/Src/czujnik.o
 .debug_macro   0x00000f63       0x2e ./Core/Src/czujnik.o
 .debug_macro   0x00000f91       0x28 ./Core/Src/czujnik.o
 .debug_macro   0x00000fb9       0x22 ./Core/Src/czujnik.o
 .debug_macro   0x00000fdb       0x8e ./Core/Src/czujnik.o
 .debug_macro   0x00001069       0x51 ./Core/Src/czujnik.o
 .debug_macro   0x000010ba      0x103 ./Core/Src/czujnik.o
 .debug_macro   0x000011bd       0x6a ./Core/Src/czujnik.o
 .debug_macro   0x00001227      0x1df ./Core/Src/czujnik.o
 .debug_macro   0x00001406       0x1c ./Core/Src/czujnik.o
 .debug_macro   0x00001422       0x22 ./Core/Src/czujnik.o
 .debug_macro   0x00001444       0xfb ./Core/Src/czujnik.o
 .debug_macro   0x0000153f     0x1011 ./Core/Src/czujnik.o
 .debug_macro   0x00002550      0x11f ./Core/Src/czujnik.o
 .debug_macro   0x0000266f    0x1a17a ./Core/Src/czujnik.o
 .debug_macro   0x0001c7e9       0x6d ./Core/Src/czujnik.o
 .debug_macro   0x0001c856     0x38fb ./Core/Src/czujnik.o
 .debug_macro   0x00020151      0x190 ./Core/Src/czujnik.o
 .debug_macro   0x000202e1       0x5c ./Core/Src/czujnik.o
 .debug_macro   0x0002033d     0x159e ./Core/Src/czujnik.o
 .debug_macro   0x000218db      0x5a5 ./Core/Src/czujnik.o
 .debug_macro   0x00021e80      0x1b9 ./Core/Src/czujnik.o
 .debug_macro   0x00022039      0x18b ./Core/Src/czujnik.o
 .debug_macro   0x000221c4      0x26b ./Core/Src/czujnik.o
 .debug_macro   0x0002242f      0x23d ./Core/Src/czujnik.o
 .debug_macro   0x0002266c      0x241 ./Core/Src/czujnik.o
 .debug_macro   0x000228ad      0x37c ./Core/Src/czujnik.o
 .debug_macro   0x00022c29       0xd6 ./Core/Src/czujnik.o
 .debug_macro   0x00022cff      0x22c ./Core/Src/czujnik.o
 .debug_macro   0x00022f2b       0x61 ./Core/Src/czujnik.o
 .debug_macro   0x00022f8c       0xa5 ./Core/Src/czujnik.o
 .debug_macro   0x00023031      0x3df ./Core/Src/czujnik.o
 .debug_macro   0x00023410      0x122 ./Core/Src/czujnik.o
 .debug_macro   0x00023532      0x3ef ./Core/Src/czujnik.o
 .debug_macro   0x00023921      0x447 ./Core/Src/czujnik.o
 .debug_macro   0x00023d68      0xa98 ./Core/Src/czujnik.o
 .debug_macro   0x00024800      0x1e6 ./Core/Src/czujnik.o
 .debug_macro   0x000249e6      0x330 ./Core/Src/czujnik.o
 .debug_macro   0x00024d16       0x61 ./Core/Src/czujnik.o
 .debug_macro   0x00024d77       0x2a ./Core/Src/czujnik.o
 .debug_macro   0x00024da1       0x43 ./Core/Src/czujnik.o
 .debug_macro   0x00024de4       0x34 ./Core/Src/czujnik.o
 .debug_macro   0x00024e18       0x16 ./Core/Src/czujnik.o
 .debug_macro   0x00024e2e       0x3c ./Core/Src/czujnik.o
 .debug_macro   0x00024e6a      0x370 ./Core/Src/czujnik.o
 .debug_macro   0x000251da       0x10 ./Core/Src/czujnik.o
 .debug_macro   0x000251ea       0x16 ./Core/Src/czujnik.o
 .debug_macro   0x00025200       0x4a ./Core/Src/czujnik.o
 .debug_macro   0x0002524a       0x34 ./Core/Src/czujnik.o
 .debug_macro   0x0002527e       0x10 ./Core/Src/czujnik.o
 .debug_macro   0x0002528e       0x58 ./Core/Src/czujnik.o
 .debug_macro   0x000252e6       0x8e ./Core/Src/czujnik.o
 .debug_macro   0x00025374       0x1c ./Core/Src/czujnik.o
 .debug_macro   0x00025390      0x185 ./Core/Src/czujnik.o
 .debug_macro   0x00025515       0x16 ./Core/Src/czujnik.o
 .debug_macro   0x0002552b       0x16 ./Core/Src/czujnik.o
 .debug_macro   0x00025541      0x146 ./Core/Src/czujnik.o
 .debug_macro   0x00025687       0x6a ./Core/Src/czujnik.o
 .debug_macro   0x000256f1      0x1f2 ./Core/Src/dma.o
 .debug_macro   0x000258e3       0x64 ./Core/Src/dma.o
 .debug_macro   0x00025947      0x1f2 ./Core/Src/gpio.o
 .debug_macro   0x00025b39      0x1f2 ./Core/Src/i2c.o
 .debug_macro   0x00025d2b      0x1f2 ./Core/Src/lcd.o
 .debug_macro   0x00025f1d      0x228 ./Core/Src/main.o
 .debug_macro   0x00026145      0x1f2 ./Core/Src/sai.o
 .debug_macro   0x00026337      0x1e8 ./Core/Src/stm32l4xx_hal_msp.o
 .debug_macro   0x0002651f      0x1f2 ./Core/Src/stm32l4xx_it.o
 .debug_macro   0x00026711      0x1d9 ./Core/Src/system_stm32l4xx.o
 .debug_macro   0x000268ea      0x1f2 ./Core/Src/tim.o
 .debug_macro   0x00026adc      0x227 ./Drivers/STM32L4xx_HAL_Driver/Src/stm32l4xx_hal.o
 .debug_macro   0x00026d03      0x1d9 ./Drivers/STM32L4xx_HAL_Driver/Src/stm32l4xx_hal_cortex.o
 .debug_macro   0x00026edc      0x1d9 ./Drivers/STM32L4xx_HAL_Driver/Src/stm32l4xx_hal_dma.o
 .debug_macro   0x000270b5      0x1e0 ./Drivers/STM32L4xx_HAL_Driver/Src/stm32l4xx_hal_gpio.o
 .debug_macro   0x00027295      0x2a5 ./Drivers/STM32L4xx_HAL_Driver/Src/stm32l4xx_hal_i2c.o
 .debug_macro   0x0002753a      0x1d9 ./Drivers/STM32L4xx_HAL_Driver/Src/stm32l4xx_hal_i2c_ex.o
 .debug_macro   0x00027713      0x1df ./Drivers/STM32L4xx_HAL_Driver/Src/stm32l4xx_hal_lcd.o
 .debug_macro   0x000278f2      0x1fd ./Drivers/STM32L4xx_HAL_Driver/Src/stm32l4xx_hal_pwr_ex.o
 .debug_macro   0x00027aef      0x21b ./Drivers/STM32L4xx_HAL_Driver/Src/stm32l4xx_hal_rcc.o
 .debug_macro   0x00027d0a      0x20f ./Drivers/STM32L4xx_HAL_Driver/Src/stm32l4xx_hal_rcc_ex.o
 .debug_macro   0x00027f19      0x1f6 ./Drivers/STM32L4xx_HAL_Driver/Src/stm32l4xx_hal_sai.o
 .debug_macro   0x0002810f      0x1da ./Drivers/STM32L4xx_HAL_Driver/Src/stm32l4xx_hal_tim.o
 .debug_macro   0x000282e9      0x1d9 ./Drivers/STM32L4xx_HAL_Driver/Src/stm32l4xx_hal_tim_ex.o

.debug_line     0x00000000    0x17e74
 .debug_line    0x00000000      0x971 ./Core/Src/czujnik.o
 .debug_line    0x00000971      0x76f ./Core/Src/dma.o
 .debug_line    0x000010e0      0x7a9 ./Core/Src/gpio.o
 .debug_line    0x00001889      0x814 ./Core/Src/i2c.o
 .debug_line    0x0000209d      0x83a ./Core/Src/lcd.o
 .debug_line    0x000028d7      0x837 ./Core/Src/main.o
 .debug_line    0x0000310e      0x846 ./Core/Src/sai.o
 .debug_line    0x00003954      0x773 ./Core/Src/stm32l4xx_hal_msp.o
 .debug_line    0x000040c7      0x852 ./Core/Src/stm32l4xx_it.o
 .debug_line    0x00004919      0x811 ./Core/Src/system_stm32l4xx.o
 .debug_line    0x0000512a      0x80d ./Core/Src/tim.o
 .debug_line    0x00005937       0x7a ./Core/Startup/startup_stm32l476vgtx.o
 .debug_line    0x000059b1      0xb79 ./Drivers/STM32L4xx_HAL_Driver/Src/stm32l4xx_hal.o
 .debug_line    0x0000652a      0xd14 ./Drivers/STM32L4xx_HAL_Driver/Src/stm32l4xx_hal_cortex.o
 .debug_line    0x0000723e      0xd53 ./Drivers/STM32L4xx_HAL_Driver/Src/stm32l4xx_hal_dma.o
 .debug_line    0x00007f91      0xbcd ./Drivers/STM32L4xx_HAL_Driver/Src/stm32l4xx_hal_gpio.o
 .debug_line    0x00008b5e     0x377a ./Drivers/STM32L4xx_HAL_Driver/Src/stm32l4xx_hal_i2c.o
 .debug_line    0x0000c2d8      0x8d9 ./Drivers/STM32L4xx_HAL_Driver/Src/stm32l4xx_hal_i2c_ex.o
 .debug_line    0x0000cbb1      0xa29 ./Drivers/STM32L4xx_HAL_Driver/Src/stm32l4xx_hal_lcd.o
 .debug_line    0x0000d5da      0xd5b ./Drivers/STM32L4xx_HAL_Driver/Src/stm32l4xx_hal_pwr_ex.o
 .debug_line    0x0000e335     0x10ce ./Drivers/STM32L4xx_HAL_Driver/Src/stm32l4xx_hal_rcc.o
 .debug_line    0x0000f403     0x159b ./Drivers/STM32L4xx_HAL_Driver/Src/stm32l4xx_hal_rcc_ex.o
 .debug_line    0x0001099e     0x1abb ./Drivers/STM32L4xx_HAL_Driver/Src/stm32l4xx_hal_sai.o
 .debug_line    0x00012459     0x3e65 ./Drivers/STM32L4xx_HAL_Driver/Src/stm32l4xx_hal_tim.o
 .debug_line    0x000162be     0x1bb6 ./Drivers/STM32L4xx_HAL_Driver/Src/stm32l4xx_hal_tim_ex.o

.debug_str      0x00000000    0xf5515
 .debug_str     0x00000000    0xf5515 ./Core/Src/czujnik.o
                              0xf02a2 (size before relaxing)
 .debug_str     0x000f5515    0xecb2a ./Core/Src/dma.o
 .debug_str     0x000f5515    0xec6ea ./Core/Src/gpio.o
 .debug_str     0x000f5515    0xece9d ./Core/Src/i2c.o
 .debug_str     0x000f5515    0xecb75 ./Core/Src/lcd.o
 .debug_str     0x000f5515    0xec7ac ./Core/Src/main.o
 .debug_str     0x000f5515    0xece9e ./Core/Src/sai.o
 .debug_str     0x000f5515    0xec61a ./Core/Src/stm32l4xx_hal_msp.o
 .debug_str     0x000f5515    0xecac9 ./Core/Src/stm32l4xx_it.o
 .debug_str     0x000f5515    0xec56f ./Core/Src/system_stm32l4xx.o
 .debug_str     0x000f5515    0xed266 ./Core/Src/tim.o
 .debug_str     0x000f5515       0x88 ./Core/Startup/startup_stm32l476vgtx.o
 .debug_str     0x000f5515    0xed102 ./Drivers/STM32L4xx_HAL_Driver/Src/stm32l4xx_hal.o
 .debug_str     0x000f5515    0xecde8 ./Drivers/STM32L4xx_HAL_Driver/Src/stm32l4xx_hal_cortex.o
 .debug_str     0x000f5515    0xec7d9 ./Drivers/STM32L4xx_HAL_Driver/Src/stm32l4xx_hal_dma.o
 .debug_str     0x000f5515    0xec6e8 ./Drivers/STM32L4xx_HAL_Driver/Src/stm32l4xx_hal_gpio.o
 .debug_str     0x000f5515    0xed770 ./Drivers/STM32L4xx_HAL_Driver/Src/stm32l4xx_hal_i2c.o
 .debug_str     0x000f5515    0xeca7c ./Drivers/STM32L4xx_HAL_Driver/Src/stm32l4xx_hal_i2c_ex.o
 .debug_str     0x000f5515    0xec628 ./Drivers/STM32L4xx_HAL_Driver/Src/stm32l4xx_hal_lcd.o
 .debug_str     0x000f5515    0xecaca ./Drivers/STM32L4xx_HAL_Driver/Src/stm32l4xx_hal_pwr_ex.o
 .debug_str     0x000f5515    0xecbb5 ./Drivers/STM32L4xx_HAL_Driver/Src/stm32l4xx_hal_rcc.o
 .debug_str     0x000f5515    0xecd2e ./Drivers/STM32L4xx_HAL_Driver/Src/stm32l4xx_hal_rcc_ex.o
 .debug_str     0x000f5515    0xecd0c ./Drivers/STM32L4xx_HAL_Driver/Src/stm32l4xx_hal_sai.o
 .debug_str     0x000f5515    0xed8af ./Drivers/STM32L4xx_HAL_Driver/Src/stm32l4xx_hal_tim.o
 .debug_str     0x000f5515    0xed1c3 ./Drivers/STM32L4xx_HAL_Driver/Src/stm32l4xx_hal_tim_ex.o

.comment        0x00000000       0x43
 .comment       0x00000000       0x43 ./Core/Src/czujnik.o
                                 0x44 (size before relaxing)
 .comment       0x00000043       0x44 ./Core/Src/dma.o
 .comment       0x00000043       0x44 ./Core/Src/gpio.o
 .comment       0x00000043       0x44 ./Core/Src/i2c.o
 .comment       0x00000043       0x44 ./Core/Src/lcd.o
 .comment       0x00000043       0x44 ./Core/Src/main.o
 .comment       0x00000043       0x44 ./Core/Src/sai.o
 .comment       0x00000043       0x44 ./Core/Src/stm32l4xx_hal_msp.o
 .comment       0x00000043       0x44 ./Core/Src/stm32l4xx_it.o
 .comment       0x00000043       0x44 ./Core/Src/system_stm32l4xx.o
 .comment       0x00000043       0x44 ./Core/Src/tim.o
 .comment       0x00000043       0x44 ./Drivers/STM32L4xx_HAL_Driver/Src/stm32l4xx_hal.o
 .comment       0x00000043       0x44 ./Drivers/STM32L4xx_HAL_Driver/Src/stm32l4xx_hal_cortex.o
 .comment       0x00000043       0x44 ./Drivers/STM32L4xx_HAL_Driver/Src/stm32l4xx_hal_dma.o
 .comment       0x00000043       0x44 ./Drivers/STM32L4xx_HAL_Driver/Src/stm32l4xx_hal_gpio.o
 .comment       0x00000043       0x44 ./Drivers/STM32L4xx_HAL_Driver/Src/stm32l4xx_hal_i2c.o
 .comment       0x00000043       0x44 ./Drivers/STM32L4xx_HAL_Driver/Src/stm32l4xx_hal_i2c_ex.o
 .comment       0x00000043       0x44 ./Drivers/STM32L4xx_HAL_Driver/Src/stm32l4xx_hal_lcd.o
 .comment       0x00000043       0x44 ./Drivers/STM32L4xx_HAL_Driver/Src/stm32l4xx_hal_pwr_ex.o
 .comment       0x00000043       0x44 ./Drivers/STM32L4xx_HAL_Driver/Src/stm32l4xx_hal_rcc.o
 .comment       0x00000043       0x44 ./Drivers/STM32L4xx_HAL_Driver/Src/stm32l4xx_hal_rcc_ex.o
 .comment       0x00000043       0x44 ./Drivers/STM32L4xx_HAL_Driver/Src/stm32l4xx_hal_sai.o
 .comment       0x00000043       0x44 ./Drivers/STM32L4xx_HAL_Driver/Src/stm32l4xx_hal_tim.o
 .comment       0x00000043       0x44 ./Drivers/STM32L4xx_HAL_Driver/Src/stm32l4xx_hal_tim_ex.o

.debug_frame    0x00000000     0x4bf8
 .debug_frame   0x00000000       0x78 ./Core/Src/czujnik.o
 .debug_frame   0x00000078       0x34 ./Core/Src/dma.o
 .debug_frame   0x000000ac       0x34 ./Core/Src/gpio.o
 .debug_frame   0x000000e0       0x78 ./Core/Src/i2c.o
 .debug_frame   0x00000158       0x78 ./Core/Src/lcd.o
 .debug_frame   0x000001d0       0x68 ./Core/Src/main.o
 .debug_frame   0x00000238       0x78 ./Core/Src/sai.o
 .debug_frame   0x000002b0       0x38 ./Core/Src/stm32l4xx_hal_msp.o
 .debug_frame   0x000002e8      0x13c ./Core/Src/stm32l4xx_it.o
 .debug_frame   0x00000424       0x58 ./Core/Src/system_stm32l4xx.o
 .debug_frame   0x0000047c       0x7c ./Core/Src/tim.o
 .debug_frame   0x000004f8      0x498 ./Drivers/STM32L4xx_HAL_Driver/Src/stm32l4xx_hal.o
 .debug_frame   0x00000990      0x4e8 ./Drivers/STM32L4xx_HAL_Driver/Src/stm32l4xx_hal_cortex.o
 .debug_frame   0x00000e78      0x204 ./Drivers/STM32L4xx_HAL_Driver/Src/stm32l4xx_hal_dma.o
 .debug_frame   0x0000107c      0x14c ./Drivers/STM32L4xx_HAL_Driver/Src/stm32l4xx_hal_gpio.o
 .debug_frame   0x000011c8      0xc38 ./Drivers/STM32L4xx_HAL_Driver/Src/stm32l4xx_hal_i2c.o
 .debug_frame   0x00001e00      0x100 ./Drivers/STM32L4xx_HAL_Driver/Src/stm32l4xx_hal_i2c_ex.o
 .debug_frame   0x00001f00      0x188 ./Drivers/STM32L4xx_HAL_Driver/Src/stm32l4xx_hal_lcd.o
 .debug_frame   0x00002088      0x584 ./Drivers/STM32L4xx_HAL_Driver/Src/stm32l4xx_hal_pwr_ex.o
 .debug_frame   0x0000260c      0x21c ./Drivers/STM32L4xx_HAL_Driver/Src/stm32l4xx_hal_rcc.o
 .debug_frame   0x00002828      0x2fc ./Drivers/STM32L4xx_HAL_Driver/Src/stm32l4xx_hal_rcc_ex.o
 .debug_frame   0x00002b24      0x69c ./Drivers/STM32L4xx_HAL_Driver/Src/stm32l4xx_hal_sai.o
 .debug_frame   0x000031c0     0x121c ./Drivers/STM32L4xx_HAL_Driver/Src/stm32l4xx_hal_tim.o
 .debug_frame   0x000043dc      0x6b0 ./Drivers/STM32L4xx_HAL_Driver/Src/stm32l4xx_hal_tim_ex.o
 .debug_frame   0x00004a8c       0x20 C:/ST/STM32CubeIDE_1.18.1/STM32CubeIDE/plugins/com.st.stm32cube.ide.mcu.externaltools.gnu-tools-for-stm32.13.3.rel1.win32_1.0.0.202411081344/tools/bin/../lib/gcc/arm-none-eabi/13.3.1/../../../../arm-none-eabi/lib/thumb/v7e-m+fp/hard\libc_nano.a(libc_a-memset.o)
 .debug_frame   0x00004aac       0x2c C:/ST/STM32CubeIDE_1.18.1/STM32CubeIDE/plugins/com.st.stm32cube.ide.mcu.externaltools.gnu-tools-for-stm32.13.3.rel1.win32_1.0.0.202411081344/tools/bin/../lib/gcc/arm-none-eabi/13.3.1/../../../../arm-none-eabi/lib/thumb/v7e-m+fp/hard\libc_nano.a(libc_a-init.o)
 .debug_frame   0x00004ad8       0xac C:/ST/STM32CubeIDE_1.18.1/STM32CubeIDE/plugins/com.st.stm32cube.ide.mcu.externaltools.gnu-tools-for-stm32.13.3.rel1.win32_1.0.0.202411081344/tools/bin/../lib/gcc/arm-none-eabi/13.3.1/thumb/v7e-m+fp/hard\libgcc.a(_arm_addsubdf3.o)
 .debug_frame   0x00004b84       0x50 C:/ST/STM32CubeIDE_1.18.1/STM32CubeIDE/plugins/com.st.stm32cube.ide.mcu.externaltools.gnu-tools-for-stm32.13.3.rel1.win32_1.0.0.202411081344/tools/bin/../lib/gcc/arm-none-eabi/13.3.1/thumb/v7e-m+fp/hard\libgcc.a(_arm_muldivdf3.o)
 .debug_frame   0x00004bd4       0x24 C:/ST/STM32CubeIDE_1.18.1/STM32CubeIDE/plugins/com.st.stm32cube.ide.mcu.externaltools.gnu-tools-for-stm32.13.3.rel1.win32_1.0.0.202411081344/tools/bin/../lib/gcc/arm-none-eabi/13.3.1/thumb/v7e-m+fp/hard\libgcc.a(_arm_fixunsdfsi.o)

.debug_line_str
                0x00000000       0x6c
 .debug_line_str
                0x00000000       0x6c ./Core/Startup/startup_stm32l476vgtx.o
